C:\Users\calle\OneDrive\Área de Trabalho\EbacAtividades-eclipse\VendasOnline\src\main\java\br\com\calleb\dao\generic\IClienteDAO.java
C:\Users\calle\OneDrive\Área de Trabalho\EbacAtividades-eclipse\VendasOnline\src\main\java\br\com\calleb\service\ClienteService.java
C:\Users\calle\OneDrive\Área de Trabalho\EbacAtividades-eclipse\VendasOnline\src\main\java\br\com\calleb\exceptions\TipoElementoNaoConhecidoException.java
C:\Users\calle\OneDrive\Área de Trabalho\EbacAtividades-eclipse\VendasOnline\src\main\java\br\com\calleb\services\generic\IGenericService.java
C:\Users\calle\OneDrive\Área de Trabalho\EbacAtividades-eclipse\VendasOnline\src\main\java\br\com\calleb\exceptions\MaisDeUmRegistroException.java
C:\Users\calle\OneDrive\Área de Trabalho\EbacAtividades-eclipse\VendasOnline\src\main\java\br\com\calleb\exceptions\DAOException.java
C:\Users\calle\OneDrive\Área de Trabalho\EbacAtividades-eclipse\VendasOnline\src\main\java\br\com\calleb\dao\generic\IGenericDAO.java
C:\Users\calle\OneDrive\Área de Trabalho\EbacAtividades-eclipse\VendasOnline\src\main\java\br\com\calleb\domain\Persistente.java
C:\Users\calle\OneDrive\Área de Trabalho\EbacAtividades-eclipse\VendasOnline\src\main\java\br\com\calleb\service\IClienteService.java
C:\Users\calle\OneDrive\Área de Trabalho\EbacAtividades-eclipse\VendasOnline\src\main\java\br\com\calleb\services\generic\GenericService.java
C:\Users\calle\OneDrive\Área de Trabalho\EbacAtividades-eclipse\VendasOnline\src\main\java\br\com\calleb\exceptions\TipoChaveNaoEncontradaException.java
C:\Users\calle\OneDrive\Área de Trabalho\EbacAtividades-eclipse\VendasOnline\src\main\java\br\com\calleb\dao\generic\GenericDAO.java
C:\Users\calle\OneDrive\Área de Trabalho\EbacAtividades-eclipse\VendasOnline\src\main\java\br\com\calleb\controller\ClienteController.java
C:\Users\calle\OneDrive\Área de Trabalho\EbacAtividades-eclipse\VendasOnline\src\main\java\br\com\calleb\exceptions\TableException.java
C:\Users\calle\OneDrive\Área de Trabalho\EbacAtividades-eclipse\VendasOnline\src\main\java\br\com\calleb\domain\Cliente.java
